// Jest Snapshot v1, https://goo.gl/fbAQLP

exports[`LoginButton Should render correctly 1`] = `
LoadedCheerio {
  "0": Node {
    "attribs": Object {
      "aria-label": "Log in",
      "class": "chakra-button css-13oz350",
      "type": "button",
    },
    "children": Array [
      Node {
        "attribs": Object {
          "aria-hidden": "true",
          "class": "chakra-icon css-13otjrl",
          "fill": "currentColor",
          "focusable": "false",
          "height": "1em",
          "stroke": "currentColor",
          "stroke-width": "0",
          "viewBox": "0 0 448 512",
          "width": "1em",
          "xmlns": "http://www.w3.org/2000/svg",
        },
        "children": Array [
          Node {
            "attribs": Object {
              "d": "M224 256c70.7 0 128-57.3 128-128S294.7 0 224 0 96 57.3 96 128s57.3 128 128 128zm89.6 32h-16.7c-22.2 10.2-46.9 16-72.9 16s-50.6-5.8-72.9-16h-16.7C60.2 288 0 348.2 0 422.4V464c0 26.5 21.5 48 48 48h352c26.5 0 48-21.5 48-48v-41.6c0-74.2-60.2-134.4-134.4-134.4z",
            },
            "children": Array [],
            "name": "path",
            "namespace": "http://www.w3.org/2000/svg",
            "next": null,
            "parent": [Circular],
            "prev": null,
            "type": "tag",
            "x-attribsNamespace": Object {
              "d": undefined,
            },
            "x-attribsPrefix": Object {
              "d": undefined,
            },
          },
        ],
        "name": "svg",
        "namespace": "http://www.w3.org/2000/svg",
        "next": null,
        "parent": [Circular],
        "prev": null,
        "type": "tag",
        "x-attribsNamespace": Object {
          "aria-hidden": undefined,
          "class": undefined,
          "fill": undefined,
          "focusable": undefined,
          "height": undefined,
          "stroke": undefined,
          "stroke-width": undefined,
          "viewBox": undefined,
          "width": undefined,
          "xmlns": "http://www.w3.org/2000/xmlns/",
        },
        "x-attribsPrefix": Object {
          "aria-hidden": undefined,
          "class": undefined,
          "fill": undefined,
          "focusable": undefined,
          "height": undefined,
          "stroke": undefined,
          "stroke-width": undefined,
          "viewBox": undefined,
          "width": undefined,
          "xmlns": "",
        },
      },
    ],
    "name": "button",
    "namespace": "http://www.w3.org/1999/xhtml",
    "next": Node {
      "attribs": Object {
        "aria-label": "Log in",
        "class": "chakra-button css-3uyjix",
        "type": "button",
      },
      "children": Array [
        Node {
          "attribs": Object {
            "class": "chakra-button__icon css-1wh2kri",
          },
          "children": Array [
            Node {
              "attribs": Object {
                "aria-hidden": "true",
                "class": "chakra-icon css-13otjrl",
                "fill": "currentColor",
                "focusable": "false",
                "height": "1em",
                "stroke": "currentColor",
                "stroke-width": "0",
                "viewBox": "0 0 448 512",
                "width": "1em",
                "xmlns": "http://www.w3.org/2000/svg",
              },
              "children": Array [
                Node {
                  "attribs": Object {
                    "d": "M224 256c70.7 0 128-57.3 128-128S294.7 0 224 0 96 57.3 96 128s57.3 128 128 128zm89.6 32h-16.7c-22.2 10.2-46.9 16-72.9 16s-50.6-5.8-72.9-16h-16.7C60.2 288 0 348.2 0 422.4V464c0 26.5 21.5 48 48 48h352c26.5 0 48-21.5 48-48v-41.6c0-74.2-60.2-134.4-134.4-134.4z",
                  },
                  "children": Array [],
                  "name": "path",
                  "namespace": "http://www.w3.org/2000/svg",
                  "next": null,
                  "parent": [Circular],
                  "prev": null,
                  "type": "tag",
                  "x-attribsNamespace": Object {
                    "d": undefined,
                  },
                  "x-attribsPrefix": Object {
                    "d": undefined,
                  },
                },
              ],
              "name": "svg",
              "namespace": "http://www.w3.org/2000/svg",
              "next": null,
              "parent": [Circular],
              "prev": null,
              "type": "tag",
              "x-attribsNamespace": Object {
                "aria-hidden": undefined,
                "class": undefined,
                "fill": undefined,
                "focusable": undefined,
                "height": undefined,
                "stroke": undefined,
                "stroke-width": undefined,
                "viewBox": undefined,
                "width": undefined,
                "xmlns": "http://www.w3.org/2000/xmlns/",
              },
              "x-attribsPrefix": Object {
                "aria-hidden": undefined,
                "class": undefined,
                "fill": undefined,
                "focusable": undefined,
                "height": undefined,
                "stroke": undefined,
                "stroke-width": undefined,
                "viewBox": undefined,
                "width": undefined,
                "xmlns": "",
              },
            },
          ],
          "name": "span",
          "namespace": "http://www.w3.org/1999/xhtml",
          "next": Node {
            "data": "Log In",
            "next": null,
            "parent": [Circular],
            "prev": [Circular],
            "type": "text",
          },
          "parent": [Circular],
          "prev": null,
          "type": "tag",
          "x-attribsNamespace": Object {
            "class": undefined,
          },
          "x-attribsPrefix": Object {
            "class": undefined,
          },
        },
        Node {
          "data": "Log In",
          "next": null,
          "parent": [Circular],
          "prev": Node {
            "attribs": Object {
              "class": "chakra-button__icon css-1wh2kri",
            },
            "children": Array [
              Node {
                "attribs": Object {
                  "aria-hidden": "true",
                  "class": "chakra-icon css-13otjrl",
                  "fill": "currentColor",
                  "focusable": "false",
                  "height": "1em",
                  "stroke": "currentColor",
                  "stroke-width": "0",
                  "viewBox": "0 0 448 512",
                  "width": "1em",
                  "xmlns": "http://www.w3.org/2000/svg",
                },
                "children": Array [
                  Node {
                    "attribs": Object {
                      "d": "M224 256c70.7 0 128-57.3 128-128S294.7 0 224 0 96 57.3 96 128s57.3 128 128 128zm89.6 32h-16.7c-22.2 10.2-46.9 16-72.9 16s-50.6-5.8-72.9-16h-16.7C60.2 288 0 348.2 0 422.4V464c0 26.5 21.5 48 48 48h352c26.5 0 48-21.5 48-48v-41.6c0-74.2-60.2-134.4-134.4-134.4z",
                    },
                    "children": Array [],
                    "name": "path",
                    "namespace": "http://www.w3.org/2000/svg",
                    "next": null,
                    "parent": [Circular],
                    "prev": null,
                    "type": "tag",
                    "x-attribsNamespace": Object {
                      "d": undefined,
                    },
                    "x-attribsPrefix": Object {
                      "d": undefined,
                    },
                  },
                ],
                "name": "svg",
                "namespace": "http://www.w3.org/2000/svg",
                "next": null,
                "parent": [Circular],
                "prev": null,
                "type": "tag",
                "x-attribsNamespace": Object {
                  "aria-hidden": undefined,
                  "class": undefined,
                  "fill": undefined,
                  "focusable": undefined,
                  "height": undefined,
                  "stroke": undefined,
                  "stroke-width": undefined,
                  "viewBox": undefined,
                  "width": undefined,
                  "xmlns": "http://www.w3.org/2000/xmlns/",
                },
                "x-attribsPrefix": Object {
                  "aria-hidden": undefined,
                  "class": undefined,
                  "fill": undefined,
                  "focusable": undefined,
                  "height": undefined,
                  "stroke": undefined,
                  "stroke-width": undefined,
                  "viewBox": undefined,
                  "width": undefined,
                  "xmlns": "",
                },
              },
            ],
            "name": "span",
            "namespace": "http://www.w3.org/1999/xhtml",
            "next": [Circular],
            "parent": [Circular],
            "prev": null,
            "type": "tag",
            "x-attribsNamespace": Object {
              "class": undefined,
            },
            "x-attribsPrefix": Object {
              "class": undefined,
            },
          },
          "type": "text",
        },
      ],
      "name": "button",
      "namespace": "http://www.w3.org/1999/xhtml",
      "next": Node {
        "attribs": Object {
          "class": "chakra-button css-5c2176",
          "type": "button",
        },
        "children": Array [],
        "name": "button",
        "namespace": "http://www.w3.org/1999/xhtml",
        "next": null,
        "parent": Node {
          "children": Array [
            [Circular],
            [Circular],
            [Circular],
          ],
          "name": "root",
          "next": null,
          "parent": null,
          "prev": null,
          "type": "root",
        },
        "prev": [Circular],
        "type": "tag",
        "x-attribsNamespace": Object {
          "class": undefined,
          "type": undefined,
        },
        "x-attribsPrefix": Object {
          "class": undefined,
          "type": undefined,
        },
      },
      "parent": Node {
        "children": Array [
          [Circular],
          [Circular],
          Node {
            "attribs": Object {
              "class": "chakra-button css-5c2176",
              "type": "button",
            },
            "children": Array [],
            "name": "button",
            "namespace": "http://www.w3.org/1999/xhtml",
            "next": null,
            "parent": [Circular],
            "prev": [Circular],
            "type": "tag",
            "x-attribsNamespace": Object {
              "class": undefined,
              "type": undefined,
            },
            "x-attribsPrefix": Object {
              "class": undefined,
              "type": undefined,
            },
          },
        ],
        "name": "root",
        "next": null,
        "parent": null,
        "prev": null,
        "type": "root",
      },
      "prev": [Circular],
      "type": "tag",
      "x-attribsNamespace": Object {
        "aria-label": undefined,
        "class": undefined,
        "type": undefined,
      },
      "x-attribsPrefix": Object {
        "aria-label": undefined,
        "class": undefined,
        "type": undefined,
      },
    },
    "parent": Node {
      "children": Array [
        [Circular],
        Node {
          "attribs": Object {
            "aria-label": "Log in",
            "class": "chakra-button css-3uyjix",
            "type": "button",
          },
          "children": Array [
            Node {
              "attribs": Object {
                "class": "chakra-button__icon css-1wh2kri",
              },
              "children": Array [
                Node {
                  "attribs": Object {
                    "aria-hidden": "true",
                    "class": "chakra-icon css-13otjrl",
                    "fill": "currentColor",
                    "focusable": "false",
                    "height": "1em",
                    "stroke": "currentColor",
                    "stroke-width": "0",
                    "viewBox": "0 0 448 512",
                    "width": "1em",
                    "xmlns": "http://www.w3.org/2000/svg",
                  },
                  "children": Array [
                    Node {
                      "attribs": Object {
                        "d": "M224 256c70.7 0 128-57.3 128-128S294.7 0 224 0 96 57.3 96 128s57.3 128 128 128zm89.6 32h-16.7c-22.2 10.2-46.9 16-72.9 16s-50.6-5.8-72.9-16h-16.7C60.2 288 0 348.2 0 422.4V464c0 26.5 21.5 48 48 48h352c26.5 0 48-21.5 48-48v-41.6c0-74.2-60.2-134.4-134.4-134.4z",
                      },
                      "children": Array [],
                      "name": "path",
                      "namespace": "http://www.w3.org/2000/svg",
                      "next": null,
                      "parent": [Circular],
                      "prev": null,
                      "type": "tag",
                      "x-attribsNamespace": Object {
                        "d": undefined,
                      },
                      "x-attribsPrefix": Object {
                        "d": undefined,
                      },
                    },
                  ],
                  "name": "svg",
                  "namespace": "http://www.w3.org/2000/svg",
                  "next": null,
                  "parent": [Circular],
                  "prev": null,
                  "type": "tag",
                  "x-attribsNamespace": Object {
                    "aria-hidden": undefined,
                    "class": undefined,
                    "fill": undefined,
                    "focusable": undefined,
                    "height": undefined,
                    "stroke": undefined,
                    "stroke-width": undefined,
                    "viewBox": undefined,
                    "width": undefined,
                    "xmlns": "http://www.w3.org/2000/xmlns/",
                  },
                  "x-attribsPrefix": Object {
                    "aria-hidden": undefined,
                    "class": undefined,
                    "fill": undefined,
                    "focusable": undefined,
                    "height": undefined,
                    "stroke": undefined,
                    "stroke-width": undefined,
                    "viewBox": undefined,
                    "width": undefined,
                    "xmlns": "",
                  },
                },
              ],
              "name": "span",
              "namespace": "http://www.w3.org/1999/xhtml",
              "next": Node {
                "data": "Log In",
                "next": null,
                "parent": [Circular],
                "prev": [Circular],
                "type": "text",
              },
              "parent": [Circular],
              "prev": null,
              "type": "tag",
              "x-attribsNamespace": Object {
                "class": undefined,
              },
              "x-attribsPrefix": Object {
                "class": undefined,
              },
            },
            Node {
              "data": "Log In",
              "next": null,
              "parent": [Circular],
              "prev": Node {
                "attribs": Object {
                  "class": "chakra-button__icon css-1wh2kri",
                },
                "children": Array [
                  Node {
                    "attribs": Object {
                      "aria-hidden": "true",
                      "class": "chakra-icon css-13otjrl",
                      "fill": "currentColor",
                      "focusable": "false",
                      "height": "1em",
                      "stroke": "currentColor",
                      "stroke-width": "0",
                      "viewBox": "0 0 448 512",
                      "width": "1em",
                      "xmlns": "http://www.w3.org/2000/svg",
                    },
                    "children": Array [
                      Node {
                        "attribs": Object {
                          "d": "M224 256c70.7 0 128-57.3 128-128S294.7 0 224 0 96 57.3 96 128s57.3 128 128 128zm89.6 32h-16.7c-22.2 10.2-46.9 16-72.9 16s-50.6-5.8-72.9-16h-16.7C60.2 288 0 348.2 0 422.4V464c0 26.5 21.5 48 48 48h352c26.5 0 48-21.5 48-48v-41.6c0-74.2-60.2-134.4-134.4-134.4z",
                        },
                        "children": Array [],
                        "name": "path",
                        "namespace": "http://www.w3.org/2000/svg",
                        "next": null,
                        "parent": [Circular],
                        "prev": null,
                        "type": "tag",
                        "x-attribsNamespace": Object {
                          "d": undefined,
                        },
                        "x-attribsPrefix": Object {
                          "d": undefined,
                        },
                      },
                    ],
                    "name": "svg",
                    "namespace": "http://www.w3.org/2000/svg",
                    "next": null,
                    "parent": [Circular],
                    "prev": null,
                    "type": "tag",
                    "x-attribsNamespace": Object {
                      "aria-hidden": undefined,
                      "class": undefined,
                      "fill": undefined,
                      "focusable": undefined,
                      "height": undefined,
                      "stroke": undefined,
                      "stroke-width": undefined,
                      "viewBox": undefined,
                      "width": undefined,
                      "xmlns": "http://www.w3.org/2000/xmlns/",
                    },
                    "x-attribsPrefix": Object {
                      "aria-hidden": undefined,
                      "class": undefined,
                      "fill": undefined,
                      "focusable": undefined,
                      "height": undefined,
                      "stroke": undefined,
                      "stroke-width": undefined,
                      "viewBox": undefined,
                      "width": undefined,
                      "xmlns": "",
                    },
                  },
                ],
                "name": "span",
                "namespace": "http://www.w3.org/1999/xhtml",
                "next": [Circular],
                "parent": [Circular],
                "prev": null,
                "type": "tag",
                "x-attribsNamespace": Object {
                  "class": undefined,
                },
                "x-attribsPrefix": Object {
                  "class": undefined,
                },
              },
              "type": "text",
            },
          ],
          "name": "button",
          "namespace": "http://www.w3.org/1999/xhtml",
          "next": Node {
            "attribs": Object {
              "class": "chakra-button css-5c2176",
              "type": "button",
            },
            "children": Array [],
            "name": "button",
            "namespace": "http://www.w3.org/1999/xhtml",
            "next": null,
            "parent": [Circular],
            "prev": [Circular],
            "type": "tag",
            "x-attribsNamespace": Object {
              "class": undefined,
              "type": undefined,
            },
            "x-attribsPrefix": Object {
              "class": undefined,
              "type": undefined,
            },
          },
          "parent": [Circular],
          "prev": [Circular],
          "type": "tag",
          "x-attribsNamespace": Object {
            "aria-label": undefined,
            "class": undefined,
            "type": undefined,
          },
          "x-attribsPrefix": Object {
            "aria-label": undefined,
            "class": undefined,
            "type": undefined,
          },
        },
        Node {
          "attribs": Object {
            "class": "chakra-button css-5c2176",
            "type": "button",
          },
          "children": Array [],
          "name": "button",
          "namespace": "http://www.w3.org/1999/xhtml",
          "next": null,
          "parent": [Circular],
          "prev": Node {
            "attribs": Object {
              "aria-label": "Log in",
              "class": "chakra-button css-3uyjix",
              "type": "button",
            },
            "children": Array [
              Node {
                "attribs": Object {
                  "class": "chakra-button__icon css-1wh2kri",
                },
                "children": Array [
                  Node {
                    "attribs": Object {
                      "aria-hidden": "true",
                      "class": "chakra-icon css-13otjrl",
                      "fill": "currentColor",
                      "focusable": "false",
                      "height": "1em",
                      "stroke": "currentColor",
                      "stroke-width": "0",
                      "viewBox": "0 0 448 512",
                      "width": "1em",
                      "xmlns": "http://www.w3.org/2000/svg",
                    },
                    "children": Array [
                      Node {
                        "attribs": Object {
                          "d": "M224 256c70.7 0 128-57.3 128-128S294.7 0 224 0 96 57.3 96 128s57.3 128 128 128zm89.6 32h-16.7c-22.2 10.2-46.9 16-72.9 16s-50.6-5.8-72.9-16h-16.7C60.2 288 0 348.2 0 422.4V464c0 26.5 21.5 48 48 48h352c26.5 0 48-21.5 48-48v-41.6c0-74.2-60.2-134.4-134.4-134.4z",
                        },
                        "children": Array [],
                        "name": "path",
                        "namespace": "http://www.w3.org/2000/svg",
                        "next": null,
                        "parent": [Circular],
                        "prev": null,
                        "type": "tag",
                        "x-attribsNamespace": Object {
                          "d": undefined,
                        },
                        "x-attribsPrefix": Object {
                          "d": undefined,
                        },
                      },
                    ],
                    "name": "svg",
                    "namespace": "http://www.w3.org/2000/svg",
                    "next": null,
                    "parent": [Circular],
                    "prev": null,
                    "type": "tag",
                    "x-attribsNamespace": Object {
                      "aria-hidden": undefined,
                      "class": undefined,
                      "fill": undefined,
                      "focusable": undefined,
                      "height": undefined,
                      "stroke": undefined,
                      "stroke-width": undefined,
                      "viewBox": undefined,
                      "width": undefined,
                      "xmlns": "http://www.w3.org/2000/xmlns/",
                    },
                    "x-attribsPrefix": Object {
                      "aria-hidden": undefined,
                      "class": undefined,
                      "fill": undefined,
                      "focusable": undefined,
                      "height": undefined,
                      "stroke": undefined,
                      "stroke-width": undefined,
                      "viewBox": undefined,
                      "width": undefined,
                      "xmlns": "",
                    },
                  },
                ],
                "name": "span",
                "namespace": "http://www.w3.org/1999/xhtml",
                "next": Node {
                  "data": "Log In",
                  "next": null,
                  "parent": [Circular],
                  "prev": [Circular],
                  "type": "text",
                },
                "parent": [Circular],
                "prev": null,
                "type": "tag",
                "x-attribsNamespace": Object {
                  "class": undefined,
                },
                "x-attribsPrefix": Object {
                  "class": undefined,
                },
              },
              Node {
                "data": "Log In",
                "next": null,
                "parent": [Circular],
                "prev": Node {
                  "attribs": Object {
                    "class": "chakra-button__icon css-1wh2kri",
                  },
                  "children": Array [
                    Node {
                      "attribs": Object {
                        "aria-hidden": "true",
                        "class": "chakra-icon css-13otjrl",
                        "fill": "currentColor",
                        "focusable": "false",
                        "height": "1em",
                        "stroke": "currentColor",
                        "stroke-width": "0",
                        "viewBox": "0 0 448 512",
                        "width": "1em",
                        "xmlns": "http://www.w3.org/2000/svg",
                      },
                      "children": Array [
                        Node {
                          "attribs": Object {
                            "d": "M224 256c70.7 0 128-57.3 128-128S294.7 0 224 0 96 57.3 96 128s57.3 128 128 128zm89.6 32h-16.7c-22.2 10.2-46.9 16-72.9 16s-50.6-5.8-72.9-16h-16.7C60.2 288 0 348.2 0 422.4V464c0 26.5 21.5 48 48 48h352c26.5 0 48-21.5 48-48v-41.6c0-74.2-60.2-134.4-134.4-134.4z",
                          },
                          "children": Array [],
                          "name": "path",
                          "namespace": "http://www.w3.org/2000/svg",
                          "next": null,
                          "parent": [Circular],
                          "prev": null,
                          "type": "tag",
                          "x-attribsNamespace": Object {
                            "d": undefined,
                          },
                          "x-attribsPrefix": Object {
                            "d": undefined,
                          },
                        },
                      ],
                      "name": "svg",
                      "namespace": "http://www.w3.org/2000/svg",
                      "next": null,
                      "parent": [Circular],
                      "prev": null,
                      "type": "tag",
                      "x-attribsNamespace": Object {
                        "aria-hidden": undefined,
                        "class": undefined,
                        "fill": undefined,
                        "focusable": undefined,
                        "height": undefined,
                        "stroke": undefined,
                        "stroke-width": undefined,
                        "viewBox": undefined,
                        "width": undefined,
                        "xmlns": "http://www.w3.org/2000/xmlns/",
                      },
                      "x-attribsPrefix": Object {
                        "aria-hidden": undefined,
                        "class": undefined,
                        "fill": undefined,
                        "focusable": undefined,
                        "height": undefined,
                        "stroke": undefined,
                        "stroke-width": undefined,
                        "viewBox": undefined,
                        "width": undefined,
                        "xmlns": "",
                      },
                    },
                  ],
                  "name": "span",
                  "namespace": "http://www.w3.org/1999/xhtml",
                  "next": [Circular],
                  "parent": [Circular],
                  "prev": null,
                  "type": "tag",
                  "x-attribsNamespace": Object {
                    "class": undefined,
                  },
                  "x-attribsPrefix": Object {
                    "class": undefined,
                  },
                },
                "type": "text",
              },
            ],
            "name": "button",
            "namespace": "http://www.w3.org/1999/xhtml",
            "next": [Circular],
            "parent": [Circular],
            "prev": [Circular],
            "type": "tag",
            "x-attribsNamespace": Object {
              "aria-label": undefined,
              "class": undefined,
              "type": undefined,
            },
            "x-attribsPrefix": Object {
              "aria-label": undefined,
              "class": undefined,
              "type": undefined,
            },
          },
          "type": "tag",
          "x-attribsNamespace": Object {
            "class": undefined,
            "type": undefined,
          },
          "x-attribsPrefix": Object {
            "class": undefined,
            "type": undefined,
          },
        },
      ],
      "name": "root",
      "next": null,
      "parent": null,
      "prev": null,
      "type": "root",
    },
    "prev": null,
    "type": "tag",
    "x-attribsNamespace": Object {
      "aria-label": undefined,
      "class": undefined,
      "type": undefined,
    },
    "x-attribsPrefix": Object {
      "aria-label": undefined,
      "class": undefined,
      "type": undefined,
    },
  },
  "1": Node {
    "attribs": Object {
      "aria-label": "Log in",
      "class": "chakra-button css-3uyjix",
      "type": "button",
    },
    "children": Array [
      Node {
        "attribs": Object {
          "class": "chakra-button__icon css-1wh2kri",
        },
        "children": Array [
          Node {
            "attribs": Object {
              "aria-hidden": "true",
              "class": "chakra-icon css-13otjrl",
              "fill": "currentColor",
              "focusable": "false",
              "height": "1em",
              "stroke": "currentColor",
              "stroke-width": "0",
              "viewBox": "0 0 448 512",
              "width": "1em",
              "xmlns": "http://www.w3.org/2000/svg",
            },
            "children": Array [
              Node {
                "attribs": Object {
                  "d": "M224 256c70.7 0 128-57.3 128-128S294.7 0 224 0 96 57.3 96 128s57.3 128 128 128zm89.6 32h-16.7c-22.2 10.2-46.9 16-72.9 16s-50.6-5.8-72.9-16h-16.7C60.2 288 0 348.2 0 422.4V464c0 26.5 21.5 48 48 48h352c26.5 0 48-21.5 48-48v-41.6c0-74.2-60.2-134.4-134.4-134.4z",
                },
                "children": Array [],
                "name": "path",
                "namespace": "http://www.w3.org/2000/svg",
                "next": null,
                "parent": [Circular],
                "prev": null,
                "type": "tag",
                "x-attribsNamespace": Object {
                  "d": undefined,
                },
                "x-attribsPrefix": Object {
                  "d": undefined,
                },
              },
            ],
            "name": "svg",
            "namespace": "http://www.w3.org/2000/svg",
            "next": null,
            "parent": [Circular],
            "prev": null,
            "type": "tag",
            "x-attribsNamespace": Object {
              "aria-hidden": undefined,
              "class": undefined,
              "fill": undefined,
              "focusable": undefined,
              "height": undefined,
              "stroke": undefined,
              "stroke-width": undefined,
              "viewBox": undefined,
              "width": undefined,
              "xmlns": "http://www.w3.org/2000/xmlns/",
            },
            "x-attribsPrefix": Object {
              "aria-hidden": undefined,
              "class": undefined,
              "fill": undefined,
              "focusable": undefined,
              "height": undefined,
              "stroke": undefined,
              "stroke-width": undefined,
              "viewBox": undefined,
              "width": undefined,
              "xmlns": "",
            },
          },
        ],
        "name": "span",
        "namespace": "http://www.w3.org/1999/xhtml",
        "next": Node {
          "data": "Log In",
          "next": null,
          "parent": [Circular],
          "prev": [Circular],
          "type": "text",
        },
        "parent": [Circular],
        "prev": null,
        "type": "tag",
        "x-attribsNamespace": Object {
          "class": undefined,
        },
        "x-attribsPrefix": Object {
          "class": undefined,
        },
      },
      Node {
        "data": "Log In",
        "next": null,
        "parent": [Circular],
        "prev": Node {
          "attribs": Object {
            "class": "chakra-button__icon css-1wh2kri",
          },
          "children": Array [
            Node {
              "attribs": Object {
                "aria-hidden": "true",
                "class": "chakra-icon css-13otjrl",
                "fill": "currentColor",
                "focusable": "false",
                "height": "1em",
                "stroke": "currentColor",
                "stroke-width": "0",
                "viewBox": "0 0 448 512",
                "width": "1em",
                "xmlns": "http://www.w3.org/2000/svg",
              },
              "children": Array [
                Node {
                  "attribs": Object {
                    "d": "M224 256c70.7 0 128-57.3 128-128S294.7 0 224 0 96 57.3 96 128s57.3 128 128 128zm89.6 32h-16.7c-22.2 10.2-46.9 16-72.9 16s-50.6-5.8-72.9-16h-16.7C60.2 288 0 348.2 0 422.4V464c0 26.5 21.5 48 48 48h352c26.5 0 48-21.5 48-48v-41.6c0-74.2-60.2-134.4-134.4-134.4z",
                  },
                  "children": Array [],
                  "name": "path",
                  "namespace": "http://www.w3.org/2000/svg",
                  "next": null,
                  "parent": [Circular],
                  "prev": null,
                  "type": "tag",
                  "x-attribsNamespace": Object {
                    "d": undefined,
                  },
                  "x-attribsPrefix": Object {
                    "d": undefined,
                  },
                },
              ],
              "name": "svg",
              "namespace": "http://www.w3.org/2000/svg",
              "next": null,
              "parent": [Circular],
              "prev": null,
              "type": "tag",
              "x-attribsNamespace": Object {
                "aria-hidden": undefined,
                "class": undefined,
                "fill": undefined,
                "focusable": undefined,
                "height": undefined,
                "stroke": undefined,
                "stroke-width": undefined,
                "viewBox": undefined,
                "width": undefined,
                "xmlns": "http://www.w3.org/2000/xmlns/",
              },
              "x-attribsPrefix": Object {
                "aria-hidden": undefined,
                "class": undefined,
                "fill": undefined,
                "focusable": undefined,
                "height": undefined,
                "stroke": undefined,
                "stroke-width": undefined,
                "viewBox": undefined,
                "width": undefined,
                "xmlns": "",
              },
            },
          ],
          "name": "span",
          "namespace": "http://www.w3.org/1999/xhtml",
          "next": [Circular],
          "parent": [Circular],
          "prev": null,
          "type": "tag",
          "x-attribsNamespace": Object {
            "class": undefined,
          },
          "x-attribsPrefix": Object {
            "class": undefined,
          },
        },
        "type": "text",
      },
    ],
    "name": "button",
    "namespace": "http://www.w3.org/1999/xhtml",
    "next": Node {
      "attribs": Object {
        "class": "chakra-button css-5c2176",
        "type": "button",
      },
      "children": Array [],
      "name": "button",
      "namespace": "http://www.w3.org/1999/xhtml",
      "next": null,
      "parent": Node {
        "children": Array [
          Node {
            "attribs": Object {
              "aria-label": "Log in",
              "class": "chakra-button css-13oz350",
              "type": "button",
            },
            "children": Array [
              Node {
                "attribs": Object {
                  "aria-hidden": "true",
                  "class": "chakra-icon css-13otjrl",
                  "fill": "currentColor",
                  "focusable": "false",
                  "height": "1em",
                  "stroke": "currentColor",
                  "stroke-width": "0",
                  "viewBox": "0 0 448 512",
                  "width": "1em",
                  "xmlns": "http://www.w3.org/2000/svg",
                },
                "children": Array [
                  Node {
                    "attribs": Object {
                      "d": "M224 256c70.7 0 128-57.3 128-128S294.7 0 224 0 96 57.3 96 128s57.3 128 128 128zm89.6 32h-16.7c-22.2 10.2-46.9 16-72.9 16s-50.6-5.8-72.9-16h-16.7C60.2 288 0 348.2 0 422.4V464c0 26.5 21.5 48 48 48h352c26.5 0 48-21.5 48-48v-41.6c0-74.2-60.2-134.4-134.4-134.4z",
                    },
                    "children": Array [],
                    "name": "path",
                    "namespace": "http://www.w3.org/2000/svg",
                    "next": null,
                    "parent": [Circular],
                    "prev": null,
                    "type": "tag",
                    "x-attribsNamespace": Object {
                      "d": undefined,
                    },
                    "x-attribsPrefix": Object {
                      "d": undefined,
                    },
                  },
                ],
                "name": "svg",
                "namespace": "http://www.w3.org/2000/svg",
                "next": null,
                "parent": [Circular],
                "prev": null,
                "type": "tag",
                "x-attribsNamespace": Object {
                  "aria-hidden": undefined,
                  "class": undefined,
                  "fill": undefined,
                  "focusable": undefined,
                  "height": undefined,
                  "stroke": undefined,
                  "stroke-width": undefined,
                  "viewBox": undefined,
                  "width": undefined,
                  "xmlns": "http://www.w3.org/2000/xmlns/",
                },
                "x-attribsPrefix": Object {
                  "aria-hidden": undefined,
                  "class": undefined,
                  "fill": undefined,
                  "focusable": undefined,
                  "height": undefined,
                  "stroke": undefined,
                  "stroke-width": undefined,
                  "viewBox": undefined,
                  "width": undefined,
                  "xmlns": "",
                },
              },
            ],
            "name": "button",
            "namespace": "http://www.w3.org/1999/xhtml",
            "next": [Circular],
            "parent": [Circular],
            "prev": null,
            "type": "tag",
            "x-attribsNamespace": Object {
              "aria-label": undefined,
              "class": undefined,
              "type": undefined,
            },
            "x-attribsPrefix": Object {
              "aria-label": undefined,
              "class": undefined,
              "type": undefined,
            },
          },
          [Circular],
          [Circular],
        ],
        "name": "root",
        "next": null,
        "parent": null,
        "prev": null,
        "type": "root",
      },
      "prev": [Circular],
      "type": "tag",
      "x-attribsNamespace": Object {
        "class": undefined,
        "type": undefined,
      },
      "x-attribsPrefix": Object {
        "class": undefined,
        "type": undefined,
      },
    },
    "parent": Node {
      "children": Array [
        Node {
          "attribs": Object {
            "aria-label": "Log in",
            "class": "chakra-button css-13oz350",
            "type": "button",
          },
          "children": Array [
            Node {
              "attribs": Object {
                "aria-hidden": "true",
                "class": "chakra-icon css-13otjrl",
                "fill": "currentColor",
                "focusable": "false",
                "height": "1em",
                "stroke": "currentColor",
                "stroke-width": "0",
                "viewBox": "0 0 448 512",
                "width": "1em",
                "xmlns": "http://www.w3.org/2000/svg",
              },
              "children": Array [
                Node {
                  "attribs": Object {
                    "d": "M224 256c70.7 0 128-57.3 128-128S294.7 0 224 0 96 57.3 96 128s57.3 128 128 128zm89.6 32h-16.7c-22.2 10.2-46.9 16-72.9 16s-50.6-5.8-72.9-16h-16.7C60.2 288 0 348.2 0 422.4V464c0 26.5 21.5 48 48 48h352c26.5 0 48-21.5 48-48v-41.6c0-74.2-60.2-134.4-134.4-134.4z",
                  },
                  "children": Array [],
                  "name": "path",
                  "namespace": "http://www.w3.org/2000/svg",
                  "next": null,
                  "parent": [Circular],
                  "prev": null,
                  "type": "tag",
                  "x-attribsNamespace": Object {
                    "d": undefined,
                  },
                  "x-attribsPrefix": Object {
                    "d": undefined,
                  },
                },
              ],
              "name": "svg",
              "namespace": "http://www.w3.org/2000/svg",
              "next": null,
              "parent": [Circular],
              "prev": null,
              "type": "tag",
              "x-attribsNamespace": Object {
                "aria-hidden": undefined,
                "class": undefined,
                "fill": undefined,
                "focusable": undefined,
                "height": undefined,
                "stroke": undefined,
                "stroke-width": undefined,
                "viewBox": undefined,
                "width": undefined,
                "xmlns": "http://www.w3.org/2000/xmlns/",
              },
              "x-attribsPrefix": Object {
                "aria-hidden": undefined,
                "class": undefined,
                "fill": undefined,
                "focusable": undefined,
                "height": undefined,
                "stroke": undefined,
                "stroke-width": undefined,
                "viewBox": undefined,
                "width": undefined,
                "xmlns": "",
              },
            },
          ],
          "name": "button",
          "namespace": "http://www.w3.org/1999/xhtml",
          "next": [Circular],
          "parent": [Circular],
          "prev": null,
          "type": "tag",
          "x-attribsNamespace": Object {
            "aria-label": undefined,
            "class": undefined,
            "type": undefined,
          },
          "x-attribsPrefix": Object {
            "aria-label": undefined,
            "class": undefined,
            "type": undefined,
          },
        },
        [Circular],
        Node {
          "attribs": Object {
            "class": "chakra-button css-5c2176",
            "type": "button",
          },
          "children": Array [],
          "name": "button",
          "namespace": "http://www.w3.org/1999/xhtml",
          "next": null,
          "parent": [Circular],
          "prev": [Circular],
          "type": "tag",
          "x-attribsNamespace": Object {
            "class": undefined,
            "type": undefined,
          },
          "x-attribsPrefix": Object {
            "class": undefined,
            "type": undefined,
          },
        },
      ],
      "name": "root",
      "next": null,
      "parent": null,
      "prev": null,
      "type": "root",
    },
    "prev": Node {
      "attribs": Object {
        "aria-label": "Log in",
        "class": "chakra-button css-13oz350",
        "type": "button",
      },
      "children": Array [
        Node {
          "attribs": Object {
            "aria-hidden": "true",
            "class": "chakra-icon css-13otjrl",
            "fill": "currentColor",
            "focusable": "false",
            "height": "1em",
            "stroke": "currentColor",
            "stroke-width": "0",
            "viewBox": "0 0 448 512",
            "width": "1em",
            "xmlns": "http://www.w3.org/2000/svg",
          },
          "children": Array [
            Node {
              "attribs": Object {
                "d": "M224 256c70.7 0 128-57.3 128-128S294.7 0 224 0 96 57.3 96 128s57.3 128 128 128zm89.6 32h-16.7c-22.2 10.2-46.9 16-72.9 16s-50.6-5.8-72.9-16h-16.7C60.2 288 0 348.2 0 422.4V464c0 26.5 21.5 48 48 48h352c26.5 0 48-21.5 48-48v-41.6c0-74.2-60.2-134.4-134.4-134.4z",
              },
              "children": Array [],
              "name": "path",
              "namespace": "http://www.w3.org/2000/svg",
              "next": null,
              "parent": [Circular],
              "prev": null,
              "type": "tag",
              "x-attribsNamespace": Object {
                "d": undefined,
              },
              "x-attribsPrefix": Object {
                "d": undefined,
              },
            },
          ],
          "name": "svg",
          "namespace": "http://www.w3.org/2000/svg",
          "next": null,
          "parent": [Circular],
          "prev": null,
          "type": "tag",
          "x-attribsNamespace": Object {
            "aria-hidden": undefined,
            "class": undefined,
            "fill": undefined,
            "focusable": undefined,
            "height": undefined,
            "stroke": undefined,
            "stroke-width": undefined,
            "viewBox": undefined,
            "width": undefined,
            "xmlns": "http://www.w3.org/2000/xmlns/",
          },
          "x-attribsPrefix": Object {
            "aria-hidden": undefined,
            "class": undefined,
            "fill": undefined,
            "focusable": undefined,
            "height": undefined,
            "stroke": undefined,
            "stroke-width": undefined,
            "viewBox": undefined,
            "width": undefined,
            "xmlns": "",
          },
        },
      ],
      "name": "button",
      "namespace": "http://www.w3.org/1999/xhtml",
      "next": [Circular],
      "parent": Node {
        "children": Array [
          [Circular],
          [Circular],
          Node {
            "attribs": Object {
              "class": "chakra-button css-5c2176",
              "type": "button",
            },
            "children": Array [],
            "name": "button",
            "namespace": "http://www.w3.org/1999/xhtml",
            "next": null,
            "parent": [Circular],
            "prev": [Circular],
            "type": "tag",
            "x-attribsNamespace": Object {
              "class": undefined,
              "type": undefined,
            },
            "x-attribsPrefix": Object {
              "class": undefined,
              "type": undefined,
            },
          },
        ],
        "name": "root",
        "next": null,
        "parent": null,
        "prev": null,
        "type": "root",
      },
      "prev": null,
      "type": "tag",
      "x-attribsNamespace": Object {
        "aria-label": undefined,
        "class": undefined,
        "type": undefined,
      },
      "x-attribsPrefix": Object {
        "aria-label": undefined,
        "class": undefined,
        "type": undefined,
      },
    },
    "type": "tag",
    "x-attribsNamespace": Object {
      "aria-label": undefined,
      "class": undefined,
      "type": undefined,
    },
    "x-attribsPrefix": Object {
      "aria-label": undefined,
      "class": undefined,
      "type": undefined,
    },
  },
  "2": Node {
    "attribs": Object {
      "class": "chakra-button css-5c2176",
      "type": "button",
    },
    "children": Array [],
    "name": "button",
    "namespace": "http://www.w3.org/1999/xhtml",
    "next": null,
    "parent": Node {
      "children": Array [
        Node {
          "attribs": Object {
            "aria-label": "Log in",
            "class": "chakra-button css-13oz350",
            "type": "button",
          },
          "children": Array [
            Node {
              "attribs": Object {
                "aria-hidden": "true",
                "class": "chakra-icon css-13otjrl",
                "fill": "currentColor",
                "focusable": "false",
                "height": "1em",
                "stroke": "currentColor",
                "stroke-width": "0",
                "viewBox": "0 0 448 512",
                "width": "1em",
                "xmlns": "http://www.w3.org/2000/svg",
              },
              "children": Array [
                Node {
                  "attribs": Object {
                    "d": "M224 256c70.7 0 128-57.3 128-128S294.7 0 224 0 96 57.3 96 128s57.3 128 128 128zm89.6 32h-16.7c-22.2 10.2-46.9 16-72.9 16s-50.6-5.8-72.9-16h-16.7C60.2 288 0 348.2 0 422.4V464c0 26.5 21.5 48 48 48h352c26.5 0 48-21.5 48-48v-41.6c0-74.2-60.2-134.4-134.4-134.4z",
                  },
                  "children": Array [],
                  "name": "path",
                  "namespace": "http://www.w3.org/2000/svg",
                  "next": null,
                  "parent": [Circular],
                  "prev": null,
                  "type": "tag",
                  "x-attribsNamespace": Object {
                    "d": undefined,
                  },
                  "x-attribsPrefix": Object {
                    "d": undefined,
                  },
                },
              ],
              "name": "svg",
              "namespace": "http://www.w3.org/2000/svg",
              "next": null,
              "parent": [Circular],
              "prev": null,
              "type": "tag",
              "x-attribsNamespace": Object {
                "aria-hidden": undefined,
                "class": undefined,
                "fill": undefined,
                "focusable": undefined,
                "height": undefined,
                "stroke": undefined,
                "stroke-width": undefined,
                "viewBox": undefined,
                "width": undefined,
                "xmlns": "http://www.w3.org/2000/xmlns/",
              },
              "x-attribsPrefix": Object {
                "aria-hidden": undefined,
                "class": undefined,
                "fill": undefined,
                "focusable": undefined,
                "height": undefined,
                "stroke": undefined,
                "stroke-width": undefined,
                "viewBox": undefined,
                "width": undefined,
                "xmlns": "",
              },
            },
          ],
          "name": "button",
          "namespace": "http://www.w3.org/1999/xhtml",
          "next": Node {
            "attribs": Object {
              "aria-label": "Log in",
              "class": "chakra-button css-3uyjix",
              "type": "button",
            },
            "children": Array [
              Node {
                "attribs": Object {
                  "class": "chakra-button__icon css-1wh2kri",
                },
                "children": Array [
                  Node {
                    "attribs": Object {
                      "aria-hidden": "true",
                      "class": "chakra-icon css-13otjrl",
                      "fill": "currentColor",
                      "focusable": "false",
                      "height": "1em",
                      "stroke": "currentColor",
                      "stroke-width": "0",
                      "viewBox": "0 0 448 512",
                      "width": "1em",
                      "xmlns": "http://www.w3.org/2000/svg",
                    },
                    "children": Array [
                      Node {
                        "attribs": Object {
                          "d": "M224 256c70.7 0 128-57.3 128-128S294.7 0 224 0 96 57.3 96 128s57.3 128 128 128zm89.6 32h-16.7c-22.2 10.2-46.9 16-72.9 16s-50.6-5.8-72.9-16h-16.7C60.2 288 0 348.2 0 422.4V464c0 26.5 21.5 48 48 48h352c26.5 0 48-21.5 48-48v-41.6c0-74.2-60.2-134.4-134.4-134.4z",
                        },
                        "children": Array [],
                        "name": "path",
                        "namespace": "http://www.w3.org/2000/svg",
                        "next": null,
                        "parent": [Circular],
                        "prev": null,
                        "type": "tag",
                        "x-attribsNamespace": Object {
                          "d": undefined,
                        },
                        "x-attribsPrefix": Object {
                          "d": undefined,
                        },
                      },
                    ],
                    "name": "svg",
                    "namespace": "http://www.w3.org/2000/svg",
                    "next": null,
                    "parent": [Circular],
                    "prev": null,
                    "type": "tag",
                    "x-attribsNamespace": Object {
                      "aria-hidden": undefined,
                      "class": undefined,
                      "fill": undefined,
                      "focusable": undefined,
                      "height": undefined,
                      "stroke": undefined,
                      "stroke-width": undefined,
                      "viewBox": undefined,
                      "width": undefined,
                      "xmlns": "http://www.w3.org/2000/xmlns/",
                    },
                    "x-attribsPrefix": Object {
                      "aria-hidden": undefined,
                      "class": undefined,
                      "fill": undefined,
                      "focusable": undefined,
                      "height": undefined,
                      "stroke": undefined,
                      "stroke-width": undefined,
                      "viewBox": undefined,
                      "width": undefined,
                      "xmlns": "",
                    },
                  },
                ],
                "name": "span",
                "namespace": "http://www.w3.org/1999/xhtml",
                "next": Node {
                  "data": "Log In",
                  "next": null,
                  "parent": [Circular],
                  "prev": [Circular],
                  "type": "text",
                },
                "parent": [Circular],
                "prev": null,
                "type": "tag",
                "x-attribsNamespace": Object {
                  "class": undefined,
                },
                "x-attribsPrefix": Object {
                  "class": undefined,
                },
              },
              Node {
                "data": "Log In",
                "next": null,
                "parent": [Circular],
                "prev": Node {
                  "attribs": Object {
                    "class": "chakra-button__icon css-1wh2kri",
                  },
                  "children": Array [
                    Node {
                      "attribs": Object {
                        "aria-hidden": "true",
                        "class": "chakra-icon css-13otjrl",
                        "fill": "currentColor",
                        "focusable": "false",
                        "height": "1em",
                        "stroke": "currentColor",
                        "stroke-width": "0",
                        "viewBox": "0 0 448 512",
                        "width": "1em",
                        "xmlns": "http://www.w3.org/2000/svg",
                      },
                      "children": Array [
                        Node {
                          "attribs": Object {
                            "d": "M224 256c70.7 0 128-57.3 128-128S294.7 0 224 0 96 57.3 96 128s57.3 128 128 128zm89.6 32h-16.7c-22.2 10.2-46.9 16-72.9 16s-50.6-5.8-72.9-16h-16.7C60.2 288 0 348.2 0 422.4V464c0 26.5 21.5 48 48 48h352c26.5 0 48-21.5 48-48v-41.6c0-74.2-60.2-134.4-134.4-134.4z",
                          },
                          "children": Array [],
                          "name": "path",
                          "namespace": "http://www.w3.org/2000/svg",
                          "next": null,
                          "parent": [Circular],
                          "prev": null,
                          "type": "tag",
                          "x-attribsNamespace": Object {
                            "d": undefined,
                          },
                          "x-attribsPrefix": Object {
                            "d": undefined,
                          },
                        },
                      ],
                      "name": "svg",
                      "namespace": "http://www.w3.org/2000/svg",
                      "next": null,
                      "parent": [Circular],
                      "prev": null,
                      "type": "tag",
                      "x-attribsNamespace": Object {
                        "aria-hidden": undefined,
                        "class": undefined,
                        "fill": undefined,
                        "focusable": undefined,
                        "height": undefined,
                        "stroke": undefined,
                        "stroke-width": undefined,
                        "viewBox": undefined,
                        "width": undefined,
                        "xmlns": "http://www.w3.org/2000/xmlns/",
                      },
                      "x-attribsPrefix": Object {
                        "aria-hidden": undefined,
                        "class": undefined,
                        "fill": undefined,
                        "focusable": undefined,
                        "height": undefined,
                        "stroke": undefined,
                        "stroke-width": undefined,
                        "viewBox": undefined,
                        "width": undefined,
                        "xmlns": "",
                      },
                    },
                  ],
                  "name": "span",
                  "namespace": "http://www.w3.org/1999/xhtml",
                  "next": [Circular],
                  "parent": [Circular],
                  "prev": null,
                  "type": "tag",
                  "x-attribsNamespace": Object {
                    "class": undefined,
                  },
                  "x-attribsPrefix": Object {
                    "class": undefined,
                  },
                },
                "type": "text",
              },
            ],
            "name": "button",
            "namespace": "http://www.w3.org/1999/xhtml",
            "next": [Circular],
            "parent": [Circular],
            "prev": [Circular],
            "type": "tag",
            "x-attribsNamespace": Object {
              "aria-label": undefined,
              "class": undefined,
              "type": undefined,
            },
            "x-attribsPrefix": Object {
              "aria-label": undefined,
              "class": undefined,
              "type": undefined,
            },
          },
          "parent": [Circular],
          "prev": null,
          "type": "tag",
          "x-attribsNamespace": Object {
            "aria-label": undefined,
            "class": undefined,
            "type": undefined,
          },
          "x-attribsPrefix": Object {
            "aria-label": undefined,
            "class": undefined,
            "type": undefined,
          },
        },
        Node {
          "attribs": Object {
            "aria-label": "Log in",
            "class": "chakra-button css-3uyjix",
            "type": "button",
          },
          "children": Array [
            Node {
              "attribs": Object {
                "class": "chakra-button__icon css-1wh2kri",
              },
              "children": Array [
                Node {
                  "attribs": Object {
                    "aria-hidden": "true",
                    "class": "chakra-icon css-13otjrl",
                    "fill": "currentColor",
                    "focusable": "false",
                    "height": "1em",
                    "stroke": "currentColor",
                    "stroke-width": "0",
                    "viewBox": "0 0 448 512",
                    "width": "1em",
                    "xmlns": "http://www.w3.org/2000/svg",
                  },
                  "children": Array [
                    Node {
                      "attribs": Object {
                        "d": "M224 256c70.7 0 128-57.3 128-128S294.7 0 224 0 96 57.3 96 128s57.3 128 128 128zm89.6 32h-16.7c-22.2 10.2-46.9 16-72.9 16s-50.6-5.8-72.9-16h-16.7C60.2 288 0 348.2 0 422.4V464c0 26.5 21.5 48 48 48h352c26.5 0 48-21.5 48-48v-41.6c0-74.2-60.2-134.4-134.4-134.4z",
                      },
                      "children": Array [],
                      "name": "path",
                      "namespace": "http://www.w3.org/2000/svg",
                      "next": null,
                      "parent": [Circular],
                      "prev": null,
                      "type": "tag",
                      "x-attribsNamespace": Object {
                        "d": undefined,
                      },
                      "x-attribsPrefix": Object {
                        "d": undefined,
                      },
                    },
                  ],
                  "name": "svg",
                  "namespace": "http://www.w3.org/2000/svg",
                  "next": null,
                  "parent": [Circular],
                  "prev": null,
                  "type": "tag",
                  "x-attribsNamespace": Object {
                    "aria-hidden": undefined,
                    "class": undefined,
                    "fill": undefined,
                    "focusable": undefined,
                    "height": undefined,
                    "stroke": undefined,
                    "stroke-width": undefined,
                    "viewBox": undefined,
                    "width": undefined,
                    "xmlns": "http://www.w3.org/2000/xmlns/",
                  },
                  "x-attribsPrefix": Object {
                    "aria-hidden": undefined,
                    "class": undefined,
                    "fill": undefined,
                    "focusable": undefined,
                    "height": undefined,
                    "stroke": undefined,
                    "stroke-width": undefined,
                    "viewBox": undefined,
                    "width": undefined,
                    "xmlns": "",
                  },
                },
              ],
              "name": "span",
              "namespace": "http://www.w3.org/1999/xhtml",
              "next": Node {
                "data": "Log In",
                "next": null,
                "parent": [Circular],
                "prev": [Circular],
                "type": "text",
              },
              "parent": [Circular],
              "prev": null,
              "type": "tag",
              "x-attribsNamespace": Object {
                "class": undefined,
              },
              "x-attribsPrefix": Object {
                "class": undefined,
              },
            },
            Node {
              "data": "Log In",
              "next": null,
              "parent": [Circular],
              "prev": Node {
                "attribs": Object {
                  "class": "chakra-button__icon css-1wh2kri",
                },
                "children": Array [
                  Node {
                    "attribs": Object {
                      "aria-hidden": "true",
                      "class": "chakra-icon css-13otjrl",
                      "fill": "currentColor",
                      "focusable": "false",
                      "height": "1em",
                      "stroke": "currentColor",
                      "stroke-width": "0",
                      "viewBox": "0 0 448 512",
                      "width": "1em",
                      "xmlns": "http://www.w3.org/2000/svg",
                    },
                    "children": Array [
                      Node {
                        "attribs": Object {
                          "d": "M224 256c70.7 0 128-57.3 128-128S294.7 0 224 0 96 57.3 96 128s57.3 128 128 128zm89.6 32h-16.7c-22.2 10.2-46.9 16-72.9 16s-50.6-5.8-72.9-16h-16.7C60.2 288 0 348.2 0 422.4V464c0 26.5 21.5 48 48 48h352c26.5 0 48-21.5 48-48v-41.6c0-74.2-60.2-134.4-134.4-134.4z",
                        },
                        "children": Array [],
                        "name": "path",
                        "namespace": "http://www.w3.org/2000/svg",
                        "next": null,
                        "parent": [Circular],
                        "prev": null,
                        "type": "tag",
                        "x-attribsNamespace": Object {
                          "d": undefined,
                        },
                        "x-attribsPrefix": Object {
                          "d": undefined,
                        },
                      },
                    ],
                    "name": "svg",
                    "namespace": "http://www.w3.org/2000/svg",
                    "next": null,
                    "parent": [Circular],
                    "prev": null,
                    "type": "tag",
                    "x-attribsNamespace": Object {
                      "aria-hidden": undefined,
                      "class": undefined,
                      "fill": undefined,
                      "focusable": undefined,
                      "height": undefined,
                      "stroke": undefined,
                      "stroke-width": undefined,
                      "viewBox": undefined,
                      "width": undefined,
                      "xmlns": "http://www.w3.org/2000/xmlns/",
                    },
                    "x-attribsPrefix": Object {
                      "aria-hidden": undefined,
                      "class": undefined,
                      "fill": undefined,
                      "focusable": undefined,
                      "height": undefined,
                      "stroke": undefined,
                      "stroke-width": undefined,
                      "viewBox": undefined,
                      "width": undefined,
                      "xmlns": "",
                    },
                  },
                ],
                "name": "span",
                "namespace": "http://www.w3.org/1999/xhtml",
                "next": [Circular],
                "parent": [Circular],
                "prev": null,
                "type": "tag",
                "x-attribsNamespace": Object {
                  "class": undefined,
                },
                "x-attribsPrefix": Object {
                  "class": undefined,
                },
              },
              "type": "text",
            },
          ],
          "name": "button",
          "namespace": "http://www.w3.org/1999/xhtml",
          "next": [Circular],
          "parent": [Circular],
          "prev": Node {
            "attribs": Object {
              "aria-label": "Log in",
              "class": "chakra-button css-13oz350",
              "type": "button",
            },
            "children": Array [
              Node {
                "attribs": Object {
                  "aria-hidden": "true",
                  "class": "chakra-icon css-13otjrl",
                  "fill": "currentColor",
                  "focusable": "false",
                  "height": "1em",
                  "stroke": "currentColor",
                  "stroke-width": "0",
                  "viewBox": "0 0 448 512",
                  "width": "1em",
                  "xmlns": "http://www.w3.org/2000/svg",
                },
                "children": Array [
                  Node {
                    "attribs": Object {
                      "d": "M224 256c70.7 0 128-57.3 128-128S294.7 0 224 0 96 57.3 96 128s57.3 128 128 128zm89.6 32h-16.7c-22.2 10.2-46.9 16-72.9 16s-50.6-5.8-72.9-16h-16.7C60.2 288 0 348.2 0 422.4V464c0 26.5 21.5 48 48 48h352c26.5 0 48-21.5 48-48v-41.6c0-74.2-60.2-134.4-134.4-134.4z",
                    },
                    "children": Array [],
                    "name": "path",
                    "namespace": "http://www.w3.org/2000/svg",
                    "next": null,
                    "parent": [Circular],
                    "prev": null,
                    "type": "tag",
                    "x-attribsNamespace": Object {
                      "d": undefined,
                    },
                    "x-attribsPrefix": Object {
                      "d": undefined,
                    },
                  },
                ],
                "name": "svg",
                "namespace": "http://www.w3.org/2000/svg",
                "next": null,
                "parent": [Circular],
                "prev": null,
                "type": "tag",
                "x-attribsNamespace": Object {
                  "aria-hidden": undefined,
                  "class": undefined,
                  "fill": undefined,
                  "focusable": undefined,
                  "height": undefined,
                  "stroke": undefined,
                  "stroke-width": undefined,
                  "viewBox": undefined,
                  "width": undefined,
                  "xmlns": "http://www.w3.org/2000/xmlns/",
                },
                "x-attribsPrefix": Object {
                  "aria-hidden": undefined,
                  "class": undefined,
                  "fill": undefined,
                  "focusable": undefined,
                  "height": undefined,
                  "stroke": undefined,
                  "stroke-width": undefined,
                  "viewBox": undefined,
                  "width": undefined,
                  "xmlns": "",
                },
              },
            ],
            "name": "button",
            "namespace": "http://www.w3.org/1999/xhtml",
            "next": [Circular],
            "parent": [Circular],
            "prev": null,
            "type": "tag",
            "x-attribsNamespace": Object {
              "aria-label": undefined,
              "class": undefined,
              "type": undefined,
            },
            "x-attribsPrefix": Object {
              "aria-label": undefined,
              "class": undefined,
              "type": undefined,
            },
          },
          "type": "tag",
          "x-attribsNamespace": Object {
            "aria-label": undefined,
            "class": undefined,
            "type": undefined,
          },
          "x-attribsPrefix": Object {
            "aria-label": undefined,
            "class": undefined,
            "type": undefined,
          },
        },
        [Circular],
      ],
      "name": "root",
      "next": null,
      "parent": null,
      "prev": null,
      "type": "root",
    },
    "prev": Node {
      "attribs": Object {
        "aria-label": "Log in",
        "class": "chakra-button css-3uyjix",
        "type": "button",
      },
      "children": Array [
        Node {
          "attribs": Object {
            "class": "chakra-button__icon css-1wh2kri",
          },
          "children": Array [
            Node {
              "attribs": Object {
                "aria-hidden": "true",
                "class": "chakra-icon css-13otjrl",
                "fill": "currentColor",
                "focusable": "false",
                "height": "1em",
                "stroke": "currentColor",
                "stroke-width": "0",
                "viewBox": "0 0 448 512",
                "width": "1em",
                "xmlns": "http://www.w3.org/2000/svg",
              },
              "children": Array [
                Node {
                  "attribs": Object {
                    "d": "M224 256c70.7 0 128-57.3 128-128S294.7 0 224 0 96 57.3 96 128s57.3 128 128 128zm89.6 32h-16.7c-22.2 10.2-46.9 16-72.9 16s-50.6-5.8-72.9-16h-16.7C60.2 288 0 348.2 0 422.4V464c0 26.5 21.5 48 48 48h352c26.5 0 48-21.5 48-48v-41.6c0-74.2-60.2-134.4-134.4-134.4z",
                  },
                  "children": Array [],
                  "name": "path",
                  "namespace": "http://www.w3.org/2000/svg",
                  "next": null,
                  "parent": [Circular],
                  "prev": null,
                  "type": "tag",
                  "x-attribsNamespace": Object {
                    "d": undefined,
                  },
                  "x-attribsPrefix": Object {
                    "d": undefined,
                  },
                },
              ],
              "name": "svg",
              "namespace": "http://www.w3.org/2000/svg",
              "next": null,
              "parent": [Circular],
              "prev": null,
              "type": "tag",
              "x-attribsNamespace": Object {
                "aria-hidden": undefined,
                "class": undefined,
                "fill": undefined,
                "focusable": undefined,
                "height": undefined,
                "stroke": undefined,
                "stroke-width": undefined,
                "viewBox": undefined,
                "width": undefined,
                "xmlns": "http://www.w3.org/2000/xmlns/",
              },
              "x-attribsPrefix": Object {
                "aria-hidden": undefined,
                "class": undefined,
                "fill": undefined,
                "focusable": undefined,
                "height": undefined,
                "stroke": undefined,
                "stroke-width": undefined,
                "viewBox": undefined,
                "width": undefined,
                "xmlns": "",
              },
            },
          ],
          "name": "span",
          "namespace": "http://www.w3.org/1999/xhtml",
          "next": Node {
            "data": "Log In",
            "next": null,
            "parent": [Circular],
            "prev": [Circular],
            "type": "text",
          },
          "parent": [Circular],
          "prev": null,
          "type": "tag",
          "x-attribsNamespace": Object {
            "class": undefined,
          },
          "x-attribsPrefix": Object {
            "class": undefined,
          },
        },
        Node {
          "data": "Log In",
          "next": null,
          "parent": [Circular],
          "prev": Node {
            "attribs": Object {
              "class": "chakra-button__icon css-1wh2kri",
            },
            "children": Array [
              Node {
                "attribs": Object {
                  "aria-hidden": "true",
                  "class": "chakra-icon css-13otjrl",
                  "fill": "currentColor",
                  "focusable": "false",
                  "height": "1em",
                  "stroke": "currentColor",
                  "stroke-width": "0",
                  "viewBox": "0 0 448 512",
                  "width": "1em",
                  "xmlns": "http://www.w3.org/2000/svg",
                },
                "children": Array [
                  Node {
                    "attribs": Object {
                      "d": "M224 256c70.7 0 128-57.3 128-128S294.7 0 224 0 96 57.3 96 128s57.3 128 128 128zm89.6 32h-16.7c-22.2 10.2-46.9 16-72.9 16s-50.6-5.8-72.9-16h-16.7C60.2 288 0 348.2 0 422.4V464c0 26.5 21.5 48 48 48h352c26.5 0 48-21.5 48-48v-41.6c0-74.2-60.2-134.4-134.4-134.4z",
                    },
                    "children": Array [],
                    "name": "path",
                    "namespace": "http://www.w3.org/2000/svg",
                    "next": null,
                    "parent": [Circular],
                    "prev": null,
                    "type": "tag",
                    "x-attribsNamespace": Object {
                      "d": undefined,
                    },
                    "x-attribsPrefix": Object {
                      "d": undefined,
                    },
                  },
                ],
                "name": "svg",
                "namespace": "http://www.w3.org/2000/svg",
                "next": null,
                "parent": [Circular],
                "prev": null,
                "type": "tag",
                "x-attribsNamespace": Object {
                  "aria-hidden": undefined,
                  "class": undefined,
                  "fill": undefined,
                  "focusable": undefined,
                  "height": undefined,
                  "stroke": undefined,
                  "stroke-width": undefined,
                  "viewBox": undefined,
                  "width": undefined,
                  "xmlns": "http://www.w3.org/2000/xmlns/",
                },
                "x-attribsPrefix": Object {
                  "aria-hidden": undefined,
                  "class": undefined,
                  "fill": undefined,
                  "focusable": undefined,
                  "height": undefined,
                  "stroke": undefined,
                  "stroke-width": undefined,
                  "viewBox": undefined,
                  "width": undefined,
                  "xmlns": "",
                },
              },
            ],
            "name": "span",
            "namespace": "http://www.w3.org/1999/xhtml",
            "next": [Circular],
            "parent": [Circular],
            "prev": null,
            "type": "tag",
            "x-attribsNamespace": Object {
              "class": undefined,
            },
            "x-attribsPrefix": Object {
              "class": undefined,
            },
          },
          "type": "text",
        },
      ],
      "name": "button",
      "namespace": "http://www.w3.org/1999/xhtml",
      "next": [Circular],
      "parent": Node {
        "children": Array [
          Node {
            "attribs": Object {
              "aria-label": "Log in",
              "class": "chakra-button css-13oz350",
              "type": "button",
            },
            "children": Array [
              Node {
                "attribs": Object {
                  "aria-hidden": "true",
                  "class": "chakra-icon css-13otjrl",
                  "fill": "currentColor",
                  "focusable": "false",
                  "height": "1em",
                  "stroke": "currentColor",
                  "stroke-width": "0",
                  "viewBox": "0 0 448 512",
                  "width": "1em",
                  "xmlns": "http://www.w3.org/2000/svg",
                },
                "children": Array [
                  Node {
                    "attribs": Object {
                      "d": "M224 256c70.7 0 128-57.3 128-128S294.7 0 224 0 96 57.3 96 128s57.3 128 128 128zm89.6 32h-16.7c-22.2 10.2-46.9 16-72.9 16s-50.6-5.8-72.9-16h-16.7C60.2 288 0 348.2 0 422.4V464c0 26.5 21.5 48 48 48h352c26.5 0 48-21.5 48-48v-41.6c0-74.2-60.2-134.4-134.4-134.4z",
                    },
                    "children": Array [],
                    "name": "path",
                    "namespace": "http://www.w3.org/2000/svg",
                    "next": null,
                    "parent": [Circular],
                    "prev": null,
                    "type": "tag",
                    "x-attribsNamespace": Object {
                      "d": undefined,
                    },
                    "x-attribsPrefix": Object {
                      "d": undefined,
                    },
                  },
                ],
                "name": "svg",
                "namespace": "http://www.w3.org/2000/svg",
                "next": null,
                "parent": [Circular],
                "prev": null,
                "type": "tag",
                "x-attribsNamespace": Object {
                  "aria-hidden": undefined,
                  "class": undefined,
                  "fill": undefined,
                  "focusable": undefined,
                  "height": undefined,
                  "stroke": undefined,
                  "stroke-width": undefined,
                  "viewBox": undefined,
                  "width": undefined,
                  "xmlns": "http://www.w3.org/2000/xmlns/",
                },
                "x-attribsPrefix": Object {
                  "aria-hidden": undefined,
                  "class": undefined,
                  "fill": undefined,
                  "focusable": undefined,
                  "height": undefined,
                  "stroke": undefined,
                  "stroke-width": undefined,
                  "viewBox": undefined,
                  "width": undefined,
                  "xmlns": "",
                },
              },
            ],
            "name": "button",
            "namespace": "http://www.w3.org/1999/xhtml",
            "next": [Circular],
            "parent": [Circular],
            "prev": null,
            "type": "tag",
            "x-attribsNamespace": Object {
              "aria-label": undefined,
              "class": undefined,
              "type": undefined,
            },
            "x-attribsPrefix": Object {
              "aria-label": undefined,
              "class": undefined,
              "type": undefined,
            },
          },
          [Circular],
          [Circular],
        ],
        "name": "root",
        "next": null,
        "parent": null,
        "prev": null,
        "type": "root",
      },
      "prev": Node {
        "attribs": Object {
          "aria-label": "Log in",
          "class": "chakra-button css-13oz350",
          "type": "button",
        },
        "children": Array [
          Node {
            "attribs": Object {
              "aria-hidden": "true",
              "class": "chakra-icon css-13otjrl",
              "fill": "currentColor",
              "focusable": "false",
              "height": "1em",
              "stroke": "currentColor",
              "stroke-width": "0",
              "viewBox": "0 0 448 512",
              "width": "1em",
              "xmlns": "http://www.w3.org/2000/svg",
            },
            "children": Array [
              Node {
                "attribs": Object {
                  "d": "M224 256c70.7 0 128-57.3 128-128S294.7 0 224 0 96 57.3 96 128s57.3 128 128 128zm89.6 32h-16.7c-22.2 10.2-46.9 16-72.9 16s-50.6-5.8-72.9-16h-16.7C60.2 288 0 348.2 0 422.4V464c0 26.5 21.5 48 48 48h352c26.5 0 48-21.5 48-48v-41.6c0-74.2-60.2-134.4-134.4-134.4z",
                },
                "children": Array [],
                "name": "path",
                "namespace": "http://www.w3.org/2000/svg",
                "next": null,
                "parent": [Circular],
                "prev": null,
                "type": "tag",
                "x-attribsNamespace": Object {
                  "d": undefined,
                },
                "x-attribsPrefix": Object {
                  "d": undefined,
                },
              },
            ],
            "name": "svg",
            "namespace": "http://www.w3.org/2000/svg",
            "next": null,
            "parent": [Circular],
            "prev": null,
            "type": "tag",
            "x-attribsNamespace": Object {
              "aria-hidden": undefined,
              "class": undefined,
              "fill": undefined,
              "focusable": undefined,
              "height": undefined,
              "stroke": undefined,
              "stroke-width": undefined,
              "viewBox": undefined,
              "width": undefined,
              "xmlns": "http://www.w3.org/2000/xmlns/",
            },
            "x-attribsPrefix": Object {
              "aria-hidden": undefined,
              "class": undefined,
              "fill": undefined,
              "focusable": undefined,
              "height": undefined,
              "stroke": undefined,
              "stroke-width": undefined,
              "viewBox": undefined,
              "width": undefined,
              "xmlns": "",
            },
          },
        ],
        "name": "button",
        "namespace": "http://www.w3.org/1999/xhtml",
        "next": [Circular],
        "parent": Node {
          "children": Array [
            [Circular],
            [Circular],
            [Circular],
          ],
          "name": "root",
          "next": null,
          "parent": null,
          "prev": null,
          "type": "root",
        },
        "prev": null,
        "type": "tag",
        "x-attribsNamespace": Object {
          "aria-label": undefined,
          "class": undefined,
          "type": undefined,
        },
        "x-attribsPrefix": Object {
          "aria-label": undefined,
          "class": undefined,
          "type": undefined,
        },
      },
      "type": "tag",
      "x-attribsNamespace": Object {
        "aria-label": undefined,
        "class": undefined,
        "type": undefined,
      },
      "x-attribsPrefix": Object {
        "aria-label": undefined,
        "class": undefined,
        "type": undefined,
      },
    },
    "type": "tag",
    "x-attribsNamespace": Object {
      "class": undefined,
      "type": undefined,
    },
    "x-attribsPrefix": Object {
      "class": undefined,
      "type": undefined,
    },
  },
  "_root": LoadedCheerio {
    "0": Node {
      "children": Array [
        Node {
          "attribs": Object {},
          "children": Array [
            Node {
              "attribs": Object {},
              "children": Array [],
              "name": "head",
              "namespace": "http://www.w3.org/1999/xhtml",
              "next": Node {
                "attribs": Object {},
                "children": Array [],
                "name": "body",
                "namespace": "http://www.w3.org/1999/xhtml",
                "next": null,
                "parent": [Circular],
                "prev": [Circular],
                "type": "tag",
                "x-attribsNamespace": Object {},
                "x-attribsPrefix": Object {},
              },
              "parent": [Circular],
              "prev": null,
              "type": "tag",
              "x-attribsNamespace": Object {},
              "x-attribsPrefix": Object {},
            },
            Node {
              "attribs": Object {},
              "children": Array [],
              "name": "body",
              "namespace": "http://www.w3.org/1999/xhtml",
              "next": null,
              "parent": [Circular],
              "prev": Node {
                "attribs": Object {},
                "children": Array [],
                "name": "head",
                "namespace": "http://www.w3.org/1999/xhtml",
                "next": [Circular],
                "parent": [Circular],
                "prev": null,
                "type": "tag",
                "x-attribsNamespace": Object {},
                "x-attribsPrefix": Object {},
              },
              "type": "tag",
              "x-attribsNamespace": Object {},
              "x-attribsPrefix": Object {},
            },
          ],
          "name": "html",
          "namespace": "http://www.w3.org/1999/xhtml",
          "next": null,
          "parent": [Circular],
          "prev": null,
          "type": "tag",
          "x-attribsNamespace": Object {},
          "x-attribsPrefix": Object {},
        },
      ],
      "name": "root",
      "next": null,
      "parent": null,
      "prev": null,
      "type": "root",
      "x-mode": "quirks",
    },
    "_root": [Circular],
    "length": 1,
    "options": Object {
      "decodeEntities": true,
      "xml": false,
    },
  },
  "length": 3,
  "options": Object {
    "decodeEntities": true,
    "xml": false,
  },
}
`;
